Warning in <TInterpreter::ReadRootmapFile>: class  TGeoMCGeometry found in libVMC.so  is already in libVMCLibrary.so 
Warning in <TInterpreter::ReadRootmapFile>: class  TMCVerbose found in libVMC.so  is already in libVMCLibrary.so 
Warning in <TInterpreter::ReadRootmapFile>: class  TVirtualMC found in libVMC.so  is already in libVMCLibrary.so 
Warning in <TInterpreter::ReadRootmapFile>: class  TVirtualMCApplication found in libVMC.so  is already in libVMCLibrary.so 
Warning in <TInterpreter::ReadRootmapFile>: class  TVirtualMCGeometry found in libVMC.so  is already in libVMCLibrary.so 
Warning in <TInterpreter::ReadRootmapFile>: class  TVirtualMCSensitiveDetector found in libVMC.so  is already in libVMCLibrary.so 
Warning in <TInterpreter::ReadRootmapFile>: class  TVirtualMCStack found in libVMC.so  is already in libVMCLibrary.so 
Warning in <TInterpreter::ReadRootmapFile>: enum  EMCOpSurfaceModel found in libVMC.so  libVMCLibrary.so  libVMCLibrary.so  libVMCLibrary.so  libVMCLibrary.so  libVMCLibrary.so  libVMCLibrary.so  libVMCLibrary.so  is already in libVMCLibrary.so 
Warning in <TInterpreter::ReadRootmapFile>: enum  EMCOpSurfaceType found in libVMC.so  libVMCLibrary.so  libVMCLibrary.so  libVMCLibrary.so  libVMCLibrary.so  libVMCLibrary.so  libVMCLibrary.so  libVMCLibrary.so  is already in libVMCLibrary.so 
Warning in <TInterpreter::ReadRootmapFile>: enum  EMCOpSurfaceFinish found in libVMC.so  libVMCLibrary.so  libVMCLibrary.so  libVMCLibrary.so  libVMCLibrary.so  libVMCLibrary.so  libVMCLibrary.so  libVMCLibrary.so  is already in libVMCLibrary.so 
Warning in <TInterpreter::ReadRootmapFile>: enum  TMCParticleType found in libVMC.so  libVMCLibrary.so  libVMCLibrary.so  libVMCLibrary.so  libVMCLibrary.so  libVMCLibrary.so  libVMCLibrary.so  libVMCLibrary.so  is already in libVMCLibrary.so 
Warning in <TInterpreter::ReadRootmapFile>: enum  TMCProcess found in libVMC.so  libVMCLibrary.so  libVMCLibrary.so  libVMCLibrary.so  libVMCLibrary.so  libVMCLibrary.so  libVMCLibrary.so  libVMCLibrary.so  is already in libVMCLibrary.so 

Processing run_profile_beam.C...
Warning in <TClass::Init>: no dictionary for class EventData is available
Warning in <TClass::Init>: no dictionary for class TrackData is available
Info in <TCanvas::MakeDefCanvas>:  created default TCanvas with name c1
 FCN=43760.2 FROM MIGRAD    STATUS=CONVERGED      93 CALLS          94 TOTAL
                     EDM=1.75854e-13    STRATEGY= 1  ERROR MATRIX UNCERTAINTY   1.3 per cent
  EXT PARAMETER                                   STEP         FIRST   
  NO.   NAME      VALUE            ERROR          SIZE      DERIVATIVE 
   1  Constant     7.46696e+03   1.86164e+01  -3.63840e-02   4.56566e-08
   2  Mean        -6.11886e-02   6.61694e-05  -5.05517e-08  -8.73235e-03
   3  Sigma        3.87167e-02   7.19236e-05   8.41244e-07   1.38103e-03
 FCN=99903.3 FROM MIGRAD    STATUS=CONVERGED     122 CALLS         123 TOTAL
                     EDM=3.64119e-09    STRATEGY= 1      ERROR MATRIX ACCURATE 
  EXT PARAMETER                                   STEP         FIRST   
  NO.   NAME      VALUE            ERROR          SIZE      DERIVATIVE 
   1  Constant     1.73191e+04   2.98770e+01   3.05836e+00  -3.97108e-06
   2  Mean        -5.85552e-02   4.14027e-05   6.21399e-06   5.61680e-01
   3  Sigma        3.51885e-02   4.54102e-05   2.96879e-05  -2.02064e-01
 FCN=24736.8 FROM MIGRAD    STATUS=CONVERGED     108 CALLS         109 TOTAL
                     EDM=1.5165e-07    STRATEGY= 1      ERROR MATRIX ACCURATE 
  EXT PARAMETER                                   STEP         FIRST   
  NO.   NAME      VALUE            ERROR          SIZE      DERIVATIVE 
   1  Constant     4.71371e+03   1.54373e+01   7.97066e-01  -5.59639e-06
   2  Mean        -5.68393e-02   7.84207e-05   5.90410e-06   6.25119e-01
   3  Sigma        3.49151e-02   8.46130e-05   2.84713e-05   8.82855e-01
 FCN=42408.4 FROM MIGRAD    STATUS=CONVERGED      97 CALLS          98 TOTAL
                     EDM=3.27566e-09    STRATEGY= 1      ERROR MATRIX ACCURATE 
  EXT PARAMETER                                   STEP         FIRST   
  NO.   NAME      VALUE            ERROR          SIZE      DERIVATIVE 
   1  Constant     5.86554e+03   1.51756e+01   9.78024e-01   8.03972e-06
   2  Mean        -4.94251e-02   8.21459e-05   8.24874e-06   9.73914e-02
   3  Sigma        4.94711e-02   9.82096e-05   3.21059e-05   1.49982e-01
 FCN=103600 FROM MIGRAD    STATUS=CONVERGED      87 CALLS          88 TOTAL
                     EDM=1.40581e-07    STRATEGY= 1  ERROR MATRIX UNCERTAINTY   2.6 per cent
  EXT PARAMETER                                   STEP         FIRST   
  NO.   NAME      VALUE            ERROR          SIZE      DERIVATIVE 
   1  Constant     1.46197e+04   2.66501e+01  -1.15810e-01   4.12026e-05
   2  Mean        -4.36250e-02   4.75829e-05  -1.21250e-06  -1.53823e-01
   3  Sigma        4.14843e-02   5.87615e-05   1.78339e-06   2.93189e+00
 FCN=25809.6 FROM MIGRAD    STATUS=CONVERGED     103 CALLS         104 TOTAL
                     EDM=3.57072e-10    STRATEGY= 1      ERROR MATRIX ACCURATE 
  EXT PARAMETER                                   STEP         FIRST   
  NO.   NAME      VALUE            ERROR          SIZE      DERIVATIVE 
   1  Constant     4.20621e+03   1.41882e+01   7.28426e-01   2.50663e-06
   2  Mean        -3.89599e-02   8.59392e-05   6.74072e-06   1.46954e-01
   3  Sigma        3.89243e-02   9.92317e-05   3.04958e-05   3.88422e-02

****************************************
Minimizer is Linear / Migrad
Chi2                      =  1.40313e-07
NDf                       =            1
p0                        =    -0.058861   +/-   0.000216266 
p1                        = -0.000289954   +/-   3.5316e-05  

****************************************
Minimizer is Linear / Migrad
Chi2                      =  2.14665e-07
NDf                       =            1
p0                        =   -0.0440033   +/-   0.000267498 
p1                        = -0.000697678   +/-   4.36822e-05 
